{'zero': ['m_zero', 'm_nonzero'], 'm_zero': [], 'm_nonzero': ['n_zero', 'n_nonzero'], 'n_zero': [], 'n_nonzero': [], 'tmp': []}
