{'v8': ['body', 'done'], 'v14': ['loop'], 'v23': ['then', 'else'], 'v40': ['done', 'body'], 'v44': ['loop']}
