{'v15': ['loop.body', 'loop.end'], 'v23': ['loop.branch'], 'v24': []}
