{'v0': ['for.cond.6'], 'for.cond.6': ['for.body.6', 'for.end.6'], 'for.body.6': ['then.13', 'else.13'], 'then.13': ['endif.13'], 'else.13': ['then.18', 'else.18'], 'then.18': ['endif.18'], 'else.18': [], 'endif.18': [], 'endif.13': ['for.cond.6'], 'for.end.6': []}
