printBinary
{'printBinary': ['end', 'rec'], 'rec': [], 'end': []}
