{'v13': ['then.0', 'else.0'], 'v18': ['then.1', 'else.1']}
