{'v4': ['then.0', 'else.0'], 'v24': ['then.12', 'else.12'], 'v30': ['endif.12']}
