{'v16': ['here', 'end'], 'v21': ['doOr', 'stay'], 'v24': [], 'v25': ['add', 'end_loop'], 'v33': ['loop'], 'v53': ['and_op', 'useless_lbl'], 'v54': [], 'v55': ['or_op', 'xor_op'], 'v58': ['end'], 'v61': ['end']}
