{'v7': ['for.body.1', 'for.end.1'], 'v13': ['then.7', 'else.7'], 'v18': ['endif.7'], 'v28': ['for.cond.1'], 'v33': ['then.0', 'else.0'], 'v37': [], 'v45': ['for.body.5', 'for.end.5'], 'v58': ['then.18', 'else.18'], 'v62': [], 'v68': ['for.cond.5']}
