{'v4': ['print'], 'v7': ['end', 'loop'], 'v12': ['even', 'odd'], 'v15': ['print'], 'v21': ['cond']}
