{'final': ['negatives', 'natural'], 'negatives': [], 'natural': ['zeroes', 'positive'], 'zeroes': [], 'positive': ['negatives', 'valid'], 'valid': [], 'one': ['base', 'recurs'], 'base': [], 'recurs': []}
