{'v18': ['then.18', 'else.18'], 'v22': ['endif.18'], 'v27': ['then.23', 'else.23'], 'v31': ['endif.23'], 'v36': ['then.28', 'else.28'], 'v40': ['endif.28'], 'v41': [], 'v42': [], 'v43': [], 'v57': ['for.body.37', 'for.end.37'], 'v68': ['then.46', 'else.46'], 'v76': ['endif.46'], 'v77': [], 'v83': ['for.cond.37'], 'v102': ['then.68', 'else.68'], 'v106': ['endif.68'], 'v111': ['then.73', 'else.73'], 'v115': ['endif.73'], 'v120': ['then.78', 'else.78'], 'v124': ['endif.78'], 'v129': ['then.83', 'else.83'], 'v133': ['endif.83'], 'v138': ['then.88', 'else.88'], 'v142': ['endif.88'], 'v147': ['then.93', 'else.93'], 'v151': ['endif.93'], 'v156': ['then.98', 'else.98'], 'v160': ['endif.98'], 'v165': ['then.103', 'else.103'], 'v169': ['endif.103'], 'v174': ['then.108', 'else.108'], 'v178': ['endif.108'], 'v183': ['then.113', 'else.113'], 'v187': ['endif.113'], 'v192': ['then.118', 'else.118'], 'v196': ['endif.118'], 'v200': [], 'v201': [], 'v202': [], 'v203': [], 'v204': [], 'v205': [], 'v206': [], 'v207': [], 'v208': [], 'v209': [], 'v222': ['then.130', 'else.130'], 'v227': ['then.134', 'else.134'], 'v235': ['endif.134'], 'v240': ['then.143', 'else.143'], 'v248': ['endif.143'], 'v254': [], 'v255': [], 'v256': ['endif.130']}
