{'v10': ['then.0', 'else.0'], 'v18': ['then.5', 'else.5']}
