{'zero': ['begin'], 'begin': ['check_result'], 'check_result': ['check_done', 'process_result'], 'process_result': ['check_result'], 'check_done': ['done', 'begin'], 'done': [], 'ten': []}
