{'v0': ['for.cond.5'], 'for.cond.5': ['for.body.5', 'for.end.5'], 'for.body.5': ['for.cond.5'], 'for.end.5': []}
