{'v6': ['loopbody', 'loopend'], 'v12': ['ifyes', 'ifno'], 'v16': ['loopcheck'], 'v19': ['loopcheck'], 'v20': []}
