{'v7': ['then.0', 'else.0'], 'v15': ['then.5', 'else.5']}
