{'v6': ['for.body.0', 'for.end.0'], 'v29': ['then.21', 'else.21'], 'v32': ['then.23', 'else.23'], 'v39': ['endif.23'], 'v46': [], 'v47': ['endif.21'], 'v50': ['then.33', 'else.33'], 'v57': ['endif.33'], 'v62': [], 'v68': ['for.cond.0'], 'v69': []}
