{'v6': ['if.1', 'else.1'], 'v9': ['loop.bound'], 'v12': ['loop.bound'], 'v15': ['program.end', 'update.val'], 'v16': [], 'v17': ['if.2', 'else.2'], 'v20': ['cmp.val'], 'v23': ['cmp.val']}
