{'v8': ['col_loop', 'return'], 'v14': ['inner_loop', 'row_loop'], 'v18': ['multiply', 'end_col'], 'v24': ['inner_loop'], 'v27': ['add_dp', 'col_loop'], 'v32': ['col_loop'], 'v37': ['ret_one', 'ret_zero'], 'v53': ['multiply', 'return'], 'v57': ['loop'], 'v65': ['return', 'divide'], 'v69': ['loop'], 'v75': ['negative', 'positive']}
