{'one': ['loop'], 'loop': ['body', 'done'], 'body': ['loop'], 'done': []}
