{'v12': ['if', 'else'], 'v24': ['end', 'body'], 'v30': ['while']}
