{'zero': ['then', 'else'], 'then': [], 'else': [], 'src': []}
