{'v12': ['label5', 'label6'], 'v17': ['label11', 'label12'], 'v21': ['label13'], 'v22': [], 'v23': ['label13'], 'v29': ['label4']}
