{'result': ['then', 'else'], 'then': [], 'else': [], 'end': [], 'one': ['while.cond'], 'while.cond': ['while.finish', 'while.body'], 'while.body': ['while.cond'], 'while.finish': [], 'cond': ['then', 'else'], 'c': [], 'v0': ['for.cond.1'], 'for.cond.1': ['for.body.1', 'for.end.1'], 'for.body.1': ['for.cond.1'], 'for.end.1': []}
