{'greater': ['then.1', 'else.1'], 'then.1': ['endif.1'], 'else.1': [], 'endif.1': [], 'foreverloop': ['then.2', 'else.2'], 'then.2': ['loopend'], 'else.2': ['foreverloop'], 'loopend': []}
