{'v10': ['for.body.2', 'for.end.2'], 'v20': ['for.cond.2']}
