{'ten': ['big', 'small'], 'big': [], 'small': [], 'result': []}
