{'v17': ['for.body.6', 'for.end.6'], 'v26': ['then.11', 'else.11'], 'v27': [], 'v28': ['endif.11'], 'v47': ['for.cond.6']}
