{'out': ['then.0', 'else.0'], 'then.0': [], 'else.0': ['for.cond.8'], 'for.cond.8': ['for.body.8', 'for.end.8'], 'for.body.8': ['then.15', 'else.15'], 'then.15': ['endif.15'], 'else.15': [], 'endif.15': ['for.cond.8'], 'for.end.8': [], 'v0': []}
