{'v6': [], 'v7': ['for.body', 'for.end'], 'v12': ['if.true', 'if.false'], 'v15': ['for.cond'], 'v18': ['for.cond'], 'v27': [], 'v28': ['for.body.pow', 'for.end.pow'], 'v31': ['if.true.pow', 'if.false.pow'], 'v34': ['for.cond.pow'], 'v38': ['for.cond.pow'], 'v46': ['if.true.palindrome', 'if.false.palindrome'], 'v49': ['if.end.palindrome'], 'v57': ['if.true.mirror', 'if.false.mirror'], 'v65': ['if.end.palindrome'], 'v68': ['if.end.palindrome']}
