{'v17': ['for.body.3', 'for.end.3'], 'v40': ['for.cond.3'], 'v41': []}
