{'v11': ['for.end', 'for.body'], 'v17': ['if.body', 'for.incre'], 'v23': ['for.cond.1'], 'v26': ['if.success', 'if.failure.end']}
