{'v4': ['true', 'false'], 'v7': ['for.outer.cond'], 'v12': ['for.outer.body', 'for.outer.end'], 'v22': ['for.inner.body', 'for.inner.end'], 'v27': ['if.inner.body', 'if.inner.end'], 'v32': ['for.inner.end'], 'v36': ['for.inner.cond'], 'v40': ['if.outer.body', 'if.outer.end'], 'v46': ['for.outer.cond']}
