{'v11': ['found', 'inner_continue'], 'v17': ['outer_continue', 'inner_loop'], 'v21': ['finish', 'outer_loop'], 'v22': []}
