{'v10': ['for.body.0', 'for.end.0'], 'v17': ['then.7', 'else.7'], 'v21': [], 'v27': ['for.cond.0']}
