{'v11': ['then.0', 'else.0'], 'v15': ['endif.0'], 'v16': []}
