{'a1': ['end', 'flip'], 'flip': ['end'], 'end': []}
