{'v0': [], 'v1': ['then.0'], 'then.0': ['endif.0'], 'else.0': [], 'endif.0': ['then.7', 'else.7'], 'then.7': ['endif.7'], '': ['endif.12'], 'else.7': [], 'then.12': [], 'else.12': [], 'endif.12': [], 'endif.7': ['for.cond.0'], 'for.cond.0': ['for.body.0', 'for.end.0'], 'for.body.0': ['then.7', 'else.7'], 'for.end.0': []}
