{'v9': ['for.body.3', 'for.end.3'], 'v19': ['if.body', 'for.incre'], 'v22': ['for.cond.3'], 'v23': [], 'v24': ['for.cond.3']}
