{'aed': ['if', 'else'], 'if': ['else'], 'else': []}
