{'v8': ['then.3', 'else.3'], 'v30': ['then.18', 'else.18'], 'v37': ['endif.18'], 'v44': []}
