{'v7': ['neg', 'begin'], 'v14': ['end', 'check'], 'v18': ['body', 'begin'], 'v24': ['begin', 'then'], 'v28': ['begin']}
