{'v9': ['for.body.1', 'for.end.1'], 'v23': ['for.cond.1'], 'v35': ['for.body.1', 'for.end.1'], 'v45': ['for.cond.1']}
