{'v7': ['for.body.1', 'for.end.1'], 'v25': ['for.cond.1']}
