{'v11': ['for.body.2', 'for.end.2'], 'v21': ['for.cond.2']}
