{'v22': ['body', 'done'], 'v28': ['loop'], 'v36': ['row_body', 'done'], 'v41': ['col_body', 'row_end'], 'v49': ['col_loop'], 'v52': ['row_loop'], 'v84': ['body_00', 'done_00'], 'v91': ['compute_00'], 'v100': ['body_01', 'done_01'], 'v107': ['compute_01'], 'v116': ['body_10', 'done_10'], 'v123': ['compute_10'], 'v132': ['body_11', 'done_11'], 'v139': ['compute_11'], 'v156': ['cycle_body', 'cycles_done'], 'v175': ['cycle_loop']}
