{'print': ['for.set.cond'], 'for.set.cond': ['for.set.body', 'for.set.end'], 'for.set.body': ['if_lbl', 'else_lbl'], 'if_lbl': [], 'while.set.cond': ['while.body', 'while.end'], 'while.body': ['while.set.cond'], 'while.end': ['else_lbl'], 'else_lbl': ['for.set.cond'], 'for.set.end': ['final_if_label', 'final_else_label'], 'final_if_label': ['final_else_label'], 'final_else_label': [], 'ad': []}
