{'ans': ['loopstart'], 'loopstart': ['loopbody', 'endloop'], 'loopbody': ['base', 'arrowsgreaterthan1'], 'base': ['finally'], 'arrowsgreaterthan1': ['finally'], 'finally': ['loopstart'], 'endloop': []}
